app/api/career/analyse/route.ts(57,6): error TS2769: No overload matches this call.
  Overload 1 of 2, '(values: never, options?: { count?: "exact" | "planned" | "estimated" | undefined; } | undefined): PostgrestFilterBuilder<{ PostgrestVersion: "12"; }, never, never, null, "skill_gap_analyses", never, "POST">', gave the following error.
    Argument of type '{ user_id: string; target_career: any; required_skills: { skill: string; importance: string; category: string; }[]; current_skills: any; gap_skills: { skill: string; importance: string; category: string; estimatedHours: number; resources: { title: string; url: string; type: string; free: boolean; }[]; }[]; match_sco...' is not assignable to parameter of type 'never'.
  Overload 2 of 2, '(values: never[], options?: { count?: "exact" | "planned" | "estimated" | undefined; defaultToNull?: boolean | undefined; } | undefined): PostgrestFilterBuilder<{ PostgrestVersion: "12"; }, never, never, null, "skill_gap_analyses", never, "POST">', gave the following error.
    Object literal may only specify known properties, and 'user_id' does not exist in type 'never[]'.
app/api/career/analyse/route.ts(59,30): error TS2339: Property 'target_career' does not exist on type 'never'.
app/api/career/analyse/route.ts(61,31): error TS2339: Property 'skills' does not exist on type 'never'.
app/api/career/analyse/route.ts(74,61): error TS2339: Property 'id' does not exist on type 'never'.
app/api/career/analyse/route.ts(77,13): error TS2769: No overload matches this call.
  Overload 1 of 2, '(values: never, options?: { count?: "exact" | "planned" | "estimated" | undefined; } | undefined): PostgrestFilterBuilder<{ PostgrestVersion: "12"; }, never, never, null, "learning_modules", never, "POST">', gave the following error.
    Argument of type 'Omit<any, "id" | "created_at">[]' is not assignable to parameter of type 'never'.
  Overload 2 of 2, '(values: never[], options?: { count?: "exact" | "planned" | "estimated" | undefined; defaultToNull?: boolean | undefined; } | undefined): PostgrestFilterBuilder<{ PostgrestVersion: "12"; }, never, never, null, "learning_modules", never, "POST">', gave the following error.
    Argument of type 'Omit<any, "id" | "created_at">[]' is not assignable to parameter of type 'never[]'.
      Type 'Omit<any, "id" | "created_at">' is not assignable to type 'never'.
app/api/career/modules/[id]/route.ts(50,33): error TS2339: Property 'status' does not exist on type 'never'.
app/api/career/modules/[id]/route.ts(60,13): error TS2345: Argument of type 'Record<string, unknown>' is not assignable to parameter of type 'never'.
app/api/career/modules/[id]/route.ts(69,61): error TS2339: Property 'skill_target' does not exist on type 'never'.
app/api/career/modules/[id]/route.ts(72,48): error TS2769: No overload matches this call.
  Overload 1 of 2, '(values: never, options?: { count?: "exact" | "planned" | "estimated" | undefined; } | undefined): PostgrestFilterBuilder<{ PostgrestVersion: "12"; }, never, never, null, "user_certificates", never, "POST">', gave the following error.
    Argument of type '{ user_id: string; module_id: string; cert_name: string; provider: null; cert_url: string; verified: boolean; }' is not assignable to parameter of type 'never'.
  Overload 2 of 2, '(values: never[], options?: { count?: "exact" | "planned" | "estimated" | undefined; defaultToNull?: boolean | undefined; } | undefined): PostgrestFilterBuilder<{ PostgrestVersion: "12"; }, never, never, null, "user_certificates", never, "POST">', gave the following error.
    Object literal may only specify known properties, and 'user_id' does not exist in type 'never[]'.
app/api/career/modules/[id]/route.ts(75,30): error TS2339: Property 'skill_target' does not exist on type 'never'.
app/api/career/modules/[id]/route.ts(82,63): error TS2339: Property 'status' does not exist on type 'never'.
app/api/career/modules/[id]/route.ts(83,58): error TS2339: Property 'skill_target' does not exist on type 'never'.
app/api/career/profile/route.ts(50,6): error TS2769: No overload matches this call.
  Overload 1 of 2, '(values: never, options?: { onConflict?: string | undefined; ignoreDuplicates?: boolean | undefined; count?: "exact" | "planned" | "estimated" | undefined; } | undefined): PostgrestFilterBuilder<{ ...; }, ... 5 more ..., "POST">', gave the following error.
    Argument of type '{ user_id: string; full_name: string | null; current_level: "student" | "fresh_grad" | "working"; field_of_study: string | null; institution: string | null; graduation_year: number | null; ... 7 more ...; updated_at: string; }' is not assignable to parameter of type 'never'.
  Overload 2 of 2, '(values: never[], options?: { onConflict?: string | undefined; ignoreDuplicates?: boolean | undefined; count?: "exact" | "planned" | "estimated" | undefined; defaultToNull?: boolean | undefined; } | undefined): PostgrestFilterBuilder<...>', gave the following error.
    Object literal may only specify known properties, and 'user_id' does not exist in type 'never[]'.
app/api/career/resume/route.ts(84,6): error TS2769: No overload matches this call.
  Overload 1 of 2, '(values: never, options?: { count?: "exact" | "planned" | "estimated" | undefined; } | undefined): PostgrestFilterBuilder<{ PostgrestVersion: "12"; }, never, never, null, "resume_versions", never, "POST">', gave the following error.
    Argument of type '{ user_id: string; version_name: string; target_role: string; content_json: ResumeContent; ai_feedback: string; ats_score: number | null; }' is not assignable to parameter of type 'never'.
  Overload 2 of 2, '(values: never[], options?: { count?: "exact" | "planned" | "estimated" | undefined; defaultToNull?: boolean | undefined; } | undefined): PostgrestFilterBuilder<{ PostgrestVersion: "12"; }, never, never, null, "resume_versions", never, "POST">', gave the following error.
    Object literal may only specify known properties, and 'user_id' does not exist in type 'never[]'.
