app/(dashboard)/career/modules/computer-vision-detection-system/page.tsx(943,36): error TS2322: Type '{ children: string; className: string; }' is not assignable to type 'IntrinsicAttributes & Readonly<Options>'.
  Property 'className' does not exist on type 'IntrinsicAttributes & Readonly<Options>'.
